  Determining projects to restore...
  All projects are up-to-date for restore.
C:\Projects\DeptDam\Components\Pages\Collections\PublicView.razor(140,39): warning CS8604: Possible null reference argument for parameter 'source' in 'List<Asset> Enumerable.ToList<Asset>(IEnumerable<Asset> source)'. [C:\Projects\DeptDam\DeptDam.csproj]
C:\Projects\DeptDam\Components\Pages\Assets\Details.razor(166,44): error CS1061: 'CustomField' does not contain a definition for 'Type' and no accessible extension method 'Type' accepting a first argument of type 'CustomField' could be found (are you missing a using directive or an assembly reference?) [C:\Projects\DeptDam\DeptDam.csproj]
C:\Projects\DeptDam\Components\Pages\Assets\Details.razor(168,50): error CS1061: 'CustomField' does not contain a definition for 'Type' and no accessible extension method 'Type' accepting a first argument of type 'CustomField' could be found (are you missing a using directive or an assembly reference?) [C:\Projects\DeptDam\DeptDam.csproj]
C:\Projects\DeptDam\Components\Pages\Assets\Details.razor(170,50): error CS1061: 'CustomField' does not contain a definition for 'Type' and no accessible extension method 'Type' accepting a first argument of type 'CustomField' could be found (are you missing a using directive or an assembly reference?) [C:\Projects\DeptDam\DeptDam.csproj]
C:\Projects\DeptDam\Components\Pages\Assets\Details.razor(171,100): error CS1503: Argument 1: cannot convert from 'string' to 'System.DateTime' [C:\Projects\DeptDam\DeptDam.csproj]
C:\Projects\DeptDam\obj\Debug\net10.0\Microsoft.CodeAnalysis.Razor.Compiler\Microsoft.NET.Sdk.Razor.SourceGenerators.RazorSourceGenerator\Components_Pages_Assets_Details_razor.g.cs(891,175): error CS0029: Cannot implicitly convert type 'System.TimeOnly?' to 'string' [C:\Projects\DeptDam\DeptDam.csproj]
C:\Projects\DeptDam\obj\Debug\net10.0\Microsoft.CodeAnalysis.Razor.Compiler\Microsoft.NET.Sdk.Razor.SourceGenerators.RazorSourceGenerator\Components_Pages_Assets_Details_razor.g.cs(617,190): error CS1662: Cannot convert lambda expression to intended delegate type because some of the return types in the block are not implicitly convertible to the delegate return type [C:\Projects\DeptDam\DeptDam.csproj]
C:\Projects\DeptDam\Components\Pages\Assets\Details.razor(310,29): error CS1061: 'Asset' does not contain a definition for 'ShareLinks' and no accessible extension method 'ShareLinks' accepting a first argument of type 'Asset' could be found (are you missing a using directive or an assembly reference?) [C:\Projects\DeptDam\DeptDam.csproj]
C:\Projects\DeptDam\Components\Pages\Assets\Details.razor(333,32): error CS1061: 'Asset' does not contain a definition for 'ShareLinks' and no accessible extension method 'ShareLinks' accepting a first argument of type 'Asset' could be found (are you missing a using directive or an assembly reference?) [C:\Projects\DeptDam\DeptDam.csproj]

Build FAILED.

C:\Projects\DeptDam\Components\Pages\Collections\PublicView.razor(140,39): warning CS8604: Possible null reference argument for parameter 'source' in 'List<Asset> Enumerable.ToList<Asset>(IEnumerable<Asset> source)'. [C:\Projects\DeptDam\DeptDam.csproj]
C:\Projects\DeptDam\Components\Pages\Assets\Details.razor(166,44): error CS1061: 'CustomField' does not contain a definition for 'Type' and no accessible extension method 'Type' accepting a first argument of type 'CustomField' could be found (are you missing a using directive or an assembly reference?) [C:\Projects\DeptDam\DeptDam.csproj]
C:\Projects\DeptDam\Components\Pages\Assets\Details.razor(168,50): error CS1061: 'CustomField' does not contain a definition for 'Type' and no accessible extension method 'Type' accepting a first argument of type 'CustomField' could be found (are you missing a using directive or an assembly reference?) [C:\Projects\DeptDam\DeptDam.csproj]
C:\Projects\DeptDam\Components\Pages\Assets\Details.razor(170,50): error CS1061: 'CustomField' does not contain a definition for 'Type' and no accessible extension method 'Type' accepting a first argument of type 'CustomField' could be found (are you missing a using directive or an assembly reference?) [C:\Projects\DeptDam\DeptDam.csproj]
C:\Projects\DeptDam\Components\Pages\Assets\Details.razor(171,100): error CS1503: Argument 1: cannot convert from 'string' to 'System.DateTime' [C:\Projects\DeptDam\DeptDam.csproj]
C:\Projects\DeptDam\obj\Debug\net10.0\Microsoft.CodeAnalysis.Razor.Compiler\Microsoft.NET.Sdk.Razor.SourceGenerators.RazorSourceGenerator\Components_Pages_Assets_Details_razor.g.cs(891,175): error CS0029: Cannot implicitly convert type 'System.TimeOnly?' to 'string' [C:\Projects\DeptDam\DeptDam.csproj]
C:\Projects\DeptDam\obj\Debug\net10.0\Microsoft.CodeAnalysis.Razor.Compiler\Microsoft.NET.Sdk.Razor.SourceGenerators.RazorSourceGenerator\Components_Pages_Assets_Details_razor.g.cs(617,190): error CS1662: Cannot convert lambda expression to intended delegate type because some of the return types in the block are not implicitly convertible to the delegate return type [C:\Projects\DeptDam\DeptDam.csproj]
C:\Projects\DeptDam\Components\Pages\Assets\Details.razor(310,29): error CS1061: 'Asset' does not contain a definition for 'ShareLinks' and no accessible extension method 'ShareLinks' accepting a first argument of type 'Asset' could be found (are you missing a using directive or an assembly reference?) [C:\Projects\DeptDam\DeptDam.csproj]
C:\Projects\DeptDam\Components\Pages\Assets\Details.razor(333,32): error CS1061: 'Asset' does not contain a definition for 'ShareLinks' and no accessible extension method 'ShareLinks' accepting a first argument of type 'Asset' could be found (are you missing a using directive or an assembly reference?) [C:\Projects\DeptDam\DeptDam.csproj]
    1 Warning(s)
    8 Error(s)

Time Elapsed 00:00:04.85
